
> conversion-engine-solid@2.0.0 test
> jest

â–¶ SongbookRenderer
  â–¶ format property
    [32mâœ” should have correct format [90m(2.518157ms)[39m[39m
  [32mâœ” format property [90m(3.645597ms)[39m[39m
  â–¶ getDefaultWhitespaceRules
    [32mâœ” should return Songbook-specific whitespace rules [90m(1.291969ms)[39m[39m
  [32mâœ” getDefaultWhitespaceRules [90m(31.786927ms)[39m[39m
  â–¶ renderMetadata
    [32mâœ” should render Songbook-style metadata [90m(2.019597ms)[39m[39m
    [32mâœ” should handle metadata with tempo and capo [90m(1.058219ms)[39m[39m
  [32mâœ” renderMetadata [90m(3.409256ms)[39m[39m
  â–¶ renderSectionTitle
    [32mâœ” should render verse section title [90m(0.647229ms)[39m[39m
    [32mâœ” should render chorus section title [90m(0.46584ms)[39m[39m
    [32mâœ” should render bridge section title [90m(0.443719ms)[39m[39m
    [32mâœ” should render pre-chorus section title [90m(0.46686ms)[39m[39m
    [32mâœ” should render other section types in uppercase [90m(0.447589ms)[39m[39m
  [32mâœ” renderSectionTitle [90m(2.888677ms)[39m[39m
  â–¶ canRender
    [32mâœ” should return true for chordsheet with chords [90m(0.545129ms)[39m[39m
    [32mâœ” should return false for chordsheet without chords [90m(0.44601ms)[39m[39m
    [32mâœ” should return false for invalid chordsheet [90m(0.287589ms)[39m[39m
  [32mâœ” canRender [90m(1.480338ms)[39m[39m
  â–¶ chord placement
    [32mâœ” should render chords above text by default [90m(0.27759ms)[39m[39m
    [32mâœ” should handle complex chord positioning [90m(0.408829ms)[39m[39m
  [32mâœ” chord placement [90m(0.771779ms)[39m[39m
  â–¶ annotation handling
    [32mâœ” should render comments with three empty lines after [90m(0.361229ms)[39m[39m
  [32mâœ” annotation handling [90m(0.42191ms)[39m[39m
  â–¶ section spacing
    [32mâœ” should use correct spacing between sections [90m(0.528129ms)[39m[39m
  [32mâœ” section spacing [90m(0.586769ms)[39m[39m
  â–¶ full rendering
    [32mâœ” should render complete Songbook document [90m(0.818709ms)[39m[39m
  [32mâœ” full rendering [90m(0.923339ms)[39m[39m
[32mâœ” SongbookRenderer [90m(47.981749ms)[39m[39m
â–¶ Chord Types
  â–¶ ChordPlacement interface
    [31mâœ– should create a valid ChordPlacement [90m(0.493959ms)[39m[39m
    [31mâœ– should create ChordPlacement without optional placement [90m(0.18426ms)[39m[39m
    [31mâœ– should accept all valid placement values [90m(0.166679ms)[39m[39m
  [31mâœ– ChordPlacement interface [90m(1.325749ms)[39m[39m
  â–¶ Chord interface
    [31mâœ– should create a valid Chord [90m(0.24243ms)[39m[39m
    [31mâœ– should create Chord without optional fields [90m(0.182439ms)[39m[39m
    [31mâœ– should accept all chord qualities [90m(0.18355ms)[39m[39m
  [31mâœ– Chord interface [90m(1.923158ms)[39m[39m
  â–¶ ChordExtension interface
    [31mâœ– should create valid ChordExtension [90m(0.2263ms)[39m[39m
    [31mâœ– should accept all extension types [90m(0.174239ms)[39m[39m
  [31mâœ– ChordExtension interface [90m(0.592249ms)[39m[39m
  â–¶ Validation Functions
    â–¶ validateChordPlacement
      [31mâœ– should validate a valid ChordPlacement [90m(0.28944ms)[39m[39m
      [31mâœ– should validate ChordPlacement without optional placement [90m(0.13735ms)[39m[39m
      [31mâœ– should reject null or undefined [90m(0.11772ms)[39m[39m
      [31mâœ– should reject non-object values [90m(0.131129ms)[39m[39m
      [31mâœ– should reject missing required fields [90m(0.13816ms)[39m[39m
      [31mâœ– should reject invalid startIndex/endIndex [90m(0.10826ms)[39m[39m
      [31mâœ– should reject negative startIndex [90m(0.13471ms)[39m[39m
      [31mâœ– should reject invalid placement value [90m(0.10679ms)[39m[39m
    [31mâœ– validateChordPlacement [90m(1.641019ms)[39m[39m
    â–¶ validateChord
      [31mâœ– should validate a valid Chord [90m(0.262489ms)[39m[39m
      [31mâœ– should validate Chord without optional fields [90m(0.1501ms)[39m[39m
      [31mâœ– should reject null or undefined [90m(0.10126ms)[39m[39m
      [31mâœ– should reject invalid quality [90m(0.14151ms)[39m[39m
      [31mâœ– should reject invalid extensions array [90m(0.120279ms)[39m[39m
    [31mâœ– validateChord [90m(1.120208ms)[39m[39m
    â–¶ validateChordExtension
      [31mâœ– should validate a valid ChordExtension [90m(0.17898ms)[39m[39m
      [31mâœ– should reject null or undefined [90m(0.14364ms)[39m[39m
      [31mâœ– should reject invalid type [90m(0.26077ms)[39m[39m
      [31mâœ– should reject missing required fields [90m(0.131679ms)[39m[39m
    [31mâœ– validateChordExtension [90m(0.997959ms)[39m[39m
  [31mâœ– Validation Functions [90m(4.550065ms)[39m[39m
  â–¶ ChordQuality enum
    [31mâœ– should have all expected values [90m(0.15775ms)[39m[39m
    [31mâœ– should contain exactly 6 values [90m(0.13481ms)[39m[39m
  [31mâœ– ChordQuality enum [90m(0.42172ms)[39m[39m
  â–¶ Legacy Annotation interface
    [31mâœ– should accept valid annotation objects [90m(0.37343ms)[39m[39m
    [31mâœ– should accept all valid position values [90m(0.20098ms)[39m[39m
  [31mâœ– Legacy Annotation interface [90m(0.853959ms)[39m[39m
[31mâœ– Chord Types [90m(64.554902ms)[39m[39m
[34mâ„¹ tests 46[39m
[34mâ„¹ suites 20[39m
[34mâ„¹ pass 17[39m
[34mâ„¹ fail 29[39m
[34mâ„¹ cancelled 0[39m
[34mâ„¹ skipped 0[39m
[34mâ„¹ todo 0[39m
[34mâ„¹ duration_ms 7856.662444[39m

[31mâœ– failing tests:[39m

test at tests/types/chord.test.ts:8:28
[31mâœ– should create a valid ChordPlacement [90m(0.493959ms)[39m[39m
  TypeError: (0 , node_test_1.expect) is not a function
      at TestContext.<anonymous> (/home/runner/workspace/tests/types/chord.test.ts:16:36)
      at Test.runInAsyncScope (node:async_hooks:214:14)
      at Test.run (node:internal/test_runner/test:1062:25)
      at Test.start (node:internal/test_runner/test:959:17)
      at node:internal/test_runner/test:1464:71
      at node:internal/per_context/primordials:483:82
      at new Promise (<anonymous>)
      at new SafePromise (node:internal/per_context/primordials:451:29)
      at node:internal/per_context/primordials:483:9
      at Array.map (<anonymous>)
      at arrayToSafePromiseIterable (node:internal/per_context/primordials:480:5)
      at node:internal/per_context/primordials:497:21
      at new Promise (<anonymous>)
      at node:internal/per_context/primordials:496:3
      at Suite.run (node:internal/test_runner/test:1464:23)
      at async Promise.all (index 0)
      at Suite.run (node:internal/test_runner/test:1466:7)
      at startSubtestAfterBootstrap (node:internal/test_runner/harness:332:3)

test at tests/types/chord.test.ts:22:28
[31mâœ– should create ChordPlacement without optional placement [90m(0.18426ms)[39m[39m
  TypeError: (0 , node_test_1.expect) is not a function
      at TestContext.<anonymous> (/home/runner/workspace/tests/types/chord.test.ts:29:36)
      at Test.runInAsyncScope (node:async_hooks:214:14)
      at Test.run (node:internal/test_runner/test:1062:25)
      at Suite.processPendingSubtests (node:internal/test_runner/test:752:18)
      at Test.postRun (node:internal/test_runner/test:1191:19)
      at Test.run (node:internal/test_runner/test:1119:12)
      at async Promise.all (index 0)
      at Suite.run (node:internal/test_runner/test:1466:7)
      at async Promise.all (index 0)
      at Suite.run (node:internal/test_runner/test:1466:7)
      at startSubtestAfterBootstrap (node:internal/test_runner/harness:332:3)

test at tests/types/chord.test.ts:35:28
[31mâœ– should accept all valid placement values [90m(0.166679ms)[39m[39m
  TypeError: (0 , node_test_1.expect) is not a function
      at /home/runner/workspace/tests/types/chord.test.ts:45:40
      at Array.forEach (<anonymous>)
      at TestContext.<anonymous> (/home/runner/workspace/tests/types/chord.test.ts:37:24)
      at Test.runInAsyncScope (node:async_hooks:214:14)
      at Test.run (node:internal/test_runner/test:1062:25)
      at Suite.processPendingSubtests (node:internal/test_runner/test:752:18)
      at Test.postRun (node:internal/test_runner/test:1191:19)
      at Test.run (node:internal/test_runner/test:1119:12)
      at Suite.processPendingSubtests (node:internal/test_runner/test:752:7)

test at tests/types/chord.test.ts:50:28
[31mâœ– should create a valid Chord [90m(0.24243ms)[39m[39m
  TypeError: (0 , node_test_1.expect) is not a function
      at TestContext.<anonymous> (/home/runner/workspace/tests/types/chord.test.ts:62:36)
      at Test.runInAsyncScope (node:async_hooks:214:14)
      at Test.run (node:internal/test_runner/test:1062:25)
      at Test.start (node:internal/test_runner/test:959:17)
      at node:internal/test_runner/test:1464:71
      at node:internal/per_context/primordials:483:82
      at new Promise (<anonymous>)
      at new SafePromise (node:internal/per_context/primordials:451:29)
      at node:internal/per_context/primordials:483:9
      at Array.map (<anonymous>)
      at arrayToSafePromiseIterable (node:internal/per_context/primordials:480:5)
      at node:internal/per_context/primordials:497:21
      at new Promise (<anonymous>)
      at node:internal/per_context/primordials:496:3
      at Suite.run (node:internal/test_runner/test:1464:23)
      at Suite.processPendingSubtests (node:internal/test_runner/test:752:7)

test at tests/types/chord.test.ts:69:28
[31mâœ– should create Chord without optional fields [90m(0.182439ms)[39m[39m
  TypeError: (0 , node_test_1.expect) is not a function
      at TestContext.<anonymous> (/home/runner/workspace/tests/types/chord.test.ts:76:36)
      at Test.runInAsyncScope (node:async_hooks:214:14)
      at Test.run (node:internal/test_runner/test:1062:25)
      at Suite.processPendingSubtests (node:internal/test_runner/test:752:18)
      at Test.postRun (node:internal/test_runner/test:1191:19)
      at Test.run (node:internal/test_runner/test:1119:12)
      at async Promise.all (index 0)
      at Suite.run (node:internal/test_runner/test:1466:7)
      at Suite.processPendingSubtests (node:internal/test_runner/test:752:7)

test at tests/types/chord.test.ts:83:28
[31mâœ– should accept all chord qualities [90m(0.18355ms)[39m[39m
  TypeError: (0 , node_test_1.expect) is not a function
      at /home/runner/workspace/tests/types/chord.test.ts:92:40
      at Array.forEach (<anonymous>)
      at TestContext.<anonymous> (/home/runner/workspace/tests/types/chord.test.ts:85:23)
      at Test.runInAsyncScope (node:async_hooks:214:14)
      at Test.run (node:internal/test_runner/test:1062:25)
      at Suite.processPendingSubtests (node:internal/test_runner/test:752:18)
      at Test.postRun (node:internal/test_runner/test:1191:19)
      at Test.run (node:internal/test_runner/test:1119:12)
      at Suite.processPendingSubtests (node:internal/test_runner/test:752:7)

test at tests/types/chord.test.ts:97:28
[31mâœ– should create valid ChordExtension [90m(0.2263ms)[39m[39m
  TypeError: (0 , node_test_1.expect) is not a function
      at TestContext.<anonymous> (/home/runner/workspace/tests/types/chord.test.ts:103:36)
      at Test.runInAsyncScope (node:async_hooks:214:14)
      at Test.run (node:internal/test_runner/test:1062:25)
      at Test.start (node:internal/test_runner/test:959:17)
      at node:internal/test_runner/test:1464:71
      at node:internal/per_context/primordials:483:82
      at new Promise (<anonymous>)
      at new SafePromise (node:internal/per_context/primordials:451:29)
      at node:internal/per_context/primordials:483:9
      at Array.map (<anonymous>)
      at arrayToSafePromiseIterable (node:internal/per_context/primordials:480:5)
      at node:internal/per_context/primordials:497:21
      at new Promise (<anonymous>)
      at node:internal/per_context/primordials:496:3
      at Suite.run (node:internal/test_runner/test:1464:23)
      at Suite.processPendingSubtests (node:internal/test_runner/test:752:7)

test at tests/types/chord.test.ts:107:28
[31mâœ– should accept all extension types [90m(0.174239ms)[39m[39m
  TypeError: (0 , node_test_1.expect) is not a function
      at /home/runner/workspace/tests/types/chord.test.ts:115:40
      at Array.forEach (<anonymous>)
      at TestContext.<anonymous> (/home/runner/workspace/tests/types/chord.test.ts:109:19)
      at Test.runInAsyncScope (node:async_hooks:214:14)
      at Test.run (node:internal/test_runner/test:1062:25)
      at Suite.processPendingSubtests (node:internal/test_runner/test:752:18)
      at Test.postRun (node:internal/test_runner/test:1191:19)
      at Test.run (node:internal/test_runner/test:1119:12)
      at async Promise.all (index 0)
      at Suite.run (node:internal/test_runner/test:1466:7)
      at Suite.processPendingSubtests (node:internal/test_runner/test:752:7)

test at tests/types/chord.test.ts:121:32
[31mâœ– should validate a valid ChordPlacement [90m(0.28944ms)[39m[39m
  TypeError: (0 , node_test_1.expect) is not a function
      at TestContext.<anonymous> (/home/runner/workspace/tests/types/chord.test.ts:129:40)
      at Test.runInAsyncScope (node:async_hooks:214:14)
      at Test.run (node:internal/test_runner/test:1062:25)
      at Test.start (node:internal/test_runner/test:959:17)
      at node:internal/test_runner/test:1464:71
      at node:internal/per_context/primordials:483:82
      at new Promise (<anonymous>)
      at new SafePromise (node:internal/per_context/primordials:451:29)
      at node:internal/per_context/primordials:483:9
      at Array.map (<anonymous>)
      at arrayToSafePromiseIterable (node:internal/per_context/primordials:480:5)
      at node:internal/per_context/primordials:497:21
      at new Promise (<anonymous>)
      at node:internal/per_context/primordials:496:3
      at Suite.run (node:internal/test_runner/test:1464:23)
      at async Promise.all (index 0)
      at Suite.run (node:internal/test_runner/test:1466:7)
      at Suite.processPendingSubtests (node:internal/test_runner/test:752:7)

test at tests/types/chord.test.ts:131:32
[31mâœ– should validate ChordPlacement without optional placement [90m(0.13735ms)[39m[39m
  TypeError: (0 , node_test_1.expect) is not a function
      at TestContext.<anonymous> (/home/runner/workspace/tests/types/chord.test.ts:138:40)
      at Test.runInAsyncScope (node:async_hooks:214:14)
      at Test.run (node:internal/test_runner/test:1062:25)
      at Suite.processPendingSubtests (node:internal/test_runner/test:752:18)
      at Test.postRun (node:internal/test_runner/test:1191:19)
      at Test.run (node:internal/test_runner/test:1119:12)
      at async Promise.all (index 0)
      at Suite.run (node:internal/test_runner/test:1466:7)
      at async Promise.all (index 0)
      at Suite.run (node:internal/test_runner/test:1466:7)
      at Suite.processPendingSubtests (node:internal/test_runner/test:752:7)

test at tests/types/chord.test.ts:140:32
[31mâœ– should reject null or undefined [90m(0.11772ms)[39m[39m
  TypeError: (0 , node_test_1.expect) is not a function
      at TestContext.<anonymous> (/home/runner/workspace/tests/types/chord.test.ts:141:40)
      at Test.runInAsyncScope (node:async_hooks:214:14)
      at Test.run (node:internal/test_runner/test:1062:25)
      at Suite.processPendingSubtests (node:internal/test_runner/test:752:18)
      at Test.postRun (node:internal/test_runner/test:1191:19)
      at Test.run (node:internal/test_runner/test:1119:12)
      at Suite.processPendingSubtests (node:internal/test_runner/test:752:7)

test at tests/types/chord.test.ts:144:32
[31mâœ– should reject non-object values [90m(0.131129ms)[39m[39m
  TypeError: (0 , node_test_1.expect) is not a function
      at TestContext.<anonymous> (/home/runner/workspace/tests/types/chord.test.ts:145:40)
      at Test.runInAsyncScope (node:async_hooks:214:14)
      at Test.run (node:internal/test_runner/test:1062:25)
      at Suite.processPendingSubtests (node:internal/test_runner/test:752:18)
      at Test.postRun (node:internal/test_runner/test:1191:19)
      at Test.run (node:internal/test_runner/test:1119:12)
      at Suite.processPendingSubtests (node:internal/test_runner/test:752:7)

test at tests/types/chord.test.ts:148:32
[31mâœ– should reject missing required fields [90m(0.13816ms)[39m[39m
  TypeError: (0 , node_test_1.expect) is not a function
      at TestContext.<anonymous> (/home/runner/workspace/tests/types/chord.test.ts:155:40)
      at Test.runInAsyncScope (node:async_hooks:214:14)
      at Test.run (node:internal/test_runner/test:1062:25)
      at Suite.processPendingSubtests (node:internal/test_runner/test:752:18)
      at Test.postRun (node:internal/test_runner/test:1191:19)
      at Test.run (node:internal/test_runner/test:1119:12)
      at Suite.processPendingSubtests (node:internal/test_runner/test:752:7)

test at tests/types/chord.test.ts:157:32
[31mâœ– should reject invalid startIndex/endIndex [90m(0.10826ms)[39m[39m
  TypeError: (0 , node_test_1.expect) is not a function
      at TestContext.<anonymous> (/home/runner/workspace/tests/types/chord.test.ts:164:40)
      at Test.runInAsyncScope (node:async_hooks:214:14)
      at Test.run (node:internal/test_runner/test:1062:25)
      at Suite.processPendingSubtests (node:internal/test_runner/test:752:18)
      at Test.postRun (node:internal/test_runner/test:1191:19)
      at Test.run (node:internal/test_runner/test:1119:12)
      at Suite.processPendingSubtests (node:internal/test_runner/test:752:7)

test at tests/types/chord.test.ts:166:32
[31mâœ– should reject negative startIndex [90m(0.13471ms)[39m[39m
  TypeError: (0 , node_test_1.expect) is not a function
      at TestContext.<anonymous> (/home/runner/workspace/tests/types/chord.test.ts:173:40)
      at Test.runInAsyncScope (node:async_hooks:214:14)
      at Test.run (node:internal/test_runner/test:1062:25)
      at Suite.processPendingSubtests (node:internal/test_runner/test:752:18)
      at Test.postRun (node:internal/test_runner/test:1191:19)
      at Test.run (node:internal/test_runner/test:1119:12)
      at Suite.processPendingSubtests (node:internal/test_runner/test:752:7)

test at tests/types/chord.test.ts:175:32
[31mâœ– should reject invalid placement value [90m(0.10679ms)[39m[39m
  TypeError: (0 , node_test_1.expect) is not a function
      at TestContext.<anonymous> (/home/runner/workspace/tests/types/chord.test.ts:183:40)
      at Test.runInAsyncScope (node:async_hooks:214:14)
      at Test.run (node:internal/test_runner/test:1062:25)
      at Suite.processPendingSubtests (node:internal/test_runner/test:752:18)
      at Test.postRun (node:internal/test_runner/test:1191:19)
      at Test.run (node:internal/test_runner/test:1119:12)
      at Suite.processPendingSubtests (node:internal/test_runner/test:752:7)

test at tests/types/chord.test.ts:187:32
[31mâœ– should validate a valid Chord [90m(0.262489ms)[39m[39m
  TypeError: (0 , node_test_1.expect) is not a function
      at TestContext.<anonymous> (/home/runner/workspace/tests/types/chord.test.ts:198:40)
      at Test.runInAsyncScope (node:async_hooks:214:14)
      at Test.run (node:internal/test_runner/test:1062:25)
      at Test.start (node:internal/test_runner/test:959:17)
      at node:internal/test_runner/test:1464:71
      at node:internal/per_context/primordials:483:82
      at new Promise (<anonymous>)
      at new SafePromise (node:internal/per_context/primordials:451:29)
      at node:internal/per_context/primordials:483:9
      at Array.map (<anonymous>)
      at arrayToSafePromiseIterable (node:internal/per_context/primordials:480:5)
      at node:internal/per_context/primordials:497:21
      at new Promise (<anonymous>)
      at node:internal/per_context/primordials:496:3
      at Suite.run (node:internal/test_runner/test:1464:23)
      at Suite.processPendingSubtests (node:internal/test_runner/test:752:7)

test at tests/types/chord.test.ts:200:32
[31mâœ– should validate Chord without optional fields [90m(0.1501ms)[39m[39m
  TypeError: (0 , node_test_1.expect) is not a function
      at TestContext.<anonymous> (/home/runner/workspace/tests/types/chord.test.ts:207:40)
      at Test.runInAsyncScope (node:async_hooks:214:14)
      at Test.run (node:internal/test_runner/test:1062:25)
      at Suite.processPendingSubtests (node:internal/test_runner/test:752:18)
      at Test.postRun (node:internal/test_runner/test:1191:19)
      at Test.run (node:internal/test_runner/test:1119:12)
      at async Promise.all (index 0)
      at Suite.run (node:internal/test_runner/test:1466:7)
      at Suite.processPendingSubtests (node:internal/test_runner/test:752:7)

test at tests/types/chord.test.ts:209:32
[31mâœ– should reject null or undefined [90m(0.10126ms)[39m[39m
  TypeError: (0 , node_test_1.expect) is not a function
      at TestContext.<anonymous> (/home/runner/workspace/tests/types/chord.test.ts:210:40)
      at Test.runInAsyncScope (node:async_hooks:214:14)
      at Test.run (node:internal/test_runner/test:1062:25)
      at Suite.processPendingSubtests (node:internal/test_runner/test:752:18)
      at Test.postRun (node:internal/test_runner/test:1191:19)
      at Test.run (node:internal/test_runner/test:1119:12)
      at Suite.processPendingSubtests (node:internal/test_runner/test:752:7)

test at tests/types/chord.test.ts:213:32
[31mâœ– should reject invalid quality [90m(0.14151ms)[39m[39m
  TypeError: (0 , node_test_1.expect) is not a function
      at TestContext.<anonymous> (/home/runner/workspace/tests/types/chord.test.ts:220:40)
      at Test.runInAsyncScope (node:async_hooks:214:14)
      at Test.run (node:internal/test_runner/test:1062:25)
      at Suite.processPendingSubtests (node:internal/test_runner/test:752:18)
      at Test.postRun (node:internal/test_runner/test:1191:19)
      at Test.run (node:internal/test_runner/test:1119:12)
      at Suite.processPendingSubtests (node:internal/test_runner/test:752:7)

test at tests/types/chord.test.ts:222:32
[31mâœ– should reject invalid extensions array [90m(0.120279ms)[39m[39m
  TypeError: (0 , node_test_1.expect) is not a function
      at TestContext.<anonymous> (/home/runner/workspace/tests/types/chord.test.ts:229:40)
      at Test.runInAsyncScope (node:async_hooks:214:14)
      at Test.run (node:internal/test_runner/test:1062:25)
      at Suite.processPendingSubtests (node:internal/test_runner/test:752:18)
      at Test.postRun (node:internal/test_runner/test:1191:19)
      at Test.run (node:internal/test_runner/test:1119:12)
      at Suite.processPendingSubtests (node:internal/test_runner/test:752:7)

test at tests/types/chord.test.ts:233:32
[31mâœ– should validate a valid ChordExtension [90m(0.17898ms)[39m[39m
  TypeError: (0 , node_test_1.expect) is not a function
      at TestContext.<anonymous> (/home/runner/workspace/tests/types/chord.test.ts:239:40)
      at Test.runInAsyncScope (node:async_hooks:214:14)
      at Test.run (node:internal/test_runner/test:1062:25)
      at Test.start (node:internal/test_runner/test:959:17)
      at node:internal/test_runner/test:1464:71
      at node:internal/per_context/primordials:483:82
      at new Promise (<anonymous>)
      at new SafePromise (node:internal/per_context/primordials:451:29)
      at node:internal/per_context/primordials:483:9
      at Array.map (<anonymous>)
      at arrayToSafePromiseIterable (node:internal/per_context/primordials:480:5)
      at node:internal/per_context/primordials:497:21
      at new Promise (<anonymous>)
      at node:internal/per_context/primordials:496:3
      at Suite.run (node:internal/test_runner/test:1464:23)
      at Suite.processPendingSubtests (node:internal/test_runner/test:752:7)

test at tests/types/chord.test.ts:241:32
[31mâœ– should reject null or undefined [90m(0.14364ms)[39m[39m
  TypeError: (0 , node_test_1.expect) is not a function
      at TestContext.<anonymous> (/home/runner/workspace/tests/types/chord.test.ts:242:40)
      at Test.runInAsyncScope (node:async_hooks:214:14)
      at Test.run (node:internal/test_runner/test:1062:25)
      at Suite.processPendingSubtests (node:internal/test_runner/test:752:18)
      at Test.postRun (node:internal/test_runner/test:1191:19)
      at Test.run (node:internal/test_runner/test:1119:12)
      at async Promise.all (index 0)
      at Suite.run (node:internal/test_runner/test:1466:7)
      at Suite.processPendingSubtests (node:internal/test_runner/test:752:7)

test at tests/types/chord.test.ts:245:32
[31mâœ– should reject invalid type [90m(0.26077ms)[39m[39m
  TypeError: (0 , node_test_1.expect) is not a function
      at TestContext.<anonymous> (/home/runner/workspace/tests/types/chord.test.ts:251:40)
      at Test.runInAsyncScope (node:async_hooks:214:14)
      at Test.run (node:internal/test_runner/test:1062:25)
      at Suite.processPendingSubtests (node:internal/test_runner/test:752:18)
      at Test.postRun (node:internal/test_runner/test:1191:19)
      at Test.run (node:internal/test_runner/test:1119:12)
      at Suite.processPendingSubtests (node:internal/test_runner/test:752:7)

test at tests/types/chord.test.ts:253:32
[31mâœ– should reject missing required fields [90m(0.131679ms)[39m[39m
  TypeError: (0 , node_test_1.expect) is not a function
      at TestContext.<anonymous> (/home/runner/workspace/tests/types/chord.test.ts:259:40)
      at Test.runInAsyncScope (node:async_hooks:214:14)
      at Test.run (node:internal/test_runner/test:1062:25)
      at Suite.processPendingSubtests (node:internal/test_runner/test:752:18)
      at Test.postRun (node:internal/test_runner/test:1191:19)
      at Test.run (node:internal/test_runner/test:1119:12)
      at Suite.processPendingSubtests (node:internal/test_runner/test:752:7)

test at tests/types/chord.test.ts:264:28
[31mâœ– should have all expected values [90m(0.15775ms)[39m[39m
  TypeError: (0 , node_test_1.expect) is not a function
      at TestContext.<anonymous> (/home/runner/workspace/tests/types/chord.test.ts:265:36)
      at Test.runInAsyncScope (node:async_hooks:214:14)
      at Test.run (node:internal/test_runner/test:1062:25)
      at Test.start (node:internal/test_runner/test:959:17)
      at node:internal/test_runner/test:1464:71
      at node:internal/per_context/primordials:483:82
      at new Promise (<anonymous>)
      at new SafePromise (node:internal/per_context/primordials:451:29)
      at node:internal/per_context/primordials:483:9
      at Array.map (<anonymous>)
      at arrayToSafePromiseIterable (node:internal/per_context/primordials:480:5)
      at node:internal/per_context/primordials:497:21
      at new Promise (<anonymous>)
      at node:internal/per_context/primordials:496:3
      at Suite.run (node:internal/test_runner/test:1464:23)
      at Suite.processPendingSubtests (node:internal/test_runner/test:752:7)

test at tests/types/chord.test.ts:272:28
[31mâœ– should contain exactly 6 values [90m(0.13481ms)[39m[39m
  TypeError: (0 , node_test_1.expect) is not a function
      at TestContext.<anonymous> (/home/runner/workspace/tests/types/chord.test.ts:274:36)
      at Test.runInAsyncScope (node:async_hooks:214:14)
      at Test.run (node:internal/test_runner/test:1062:25)
      at Suite.processPendingSubtests (node:internal/test_runner/test:752:18)
      at Test.postRun (node:internal/test_runner/test:1191:19)
      at Test.run (node:internal/test_runner/test:1119:12)
      at async Promise.all (index 0)
      at Suite.run (node:internal/test_runner/test:1466:7)
      at Suite.processPendingSubtests (node:internal/test_runner/test:752:7)

test at tests/types/chord.test.ts:279:28
[31mâœ– should accept valid annotation objects [90m(0.37343ms)[39m[39m
  TypeError: (0 , node_test_1.expect) is not a function
      at TestContext.<anonymous> (/home/runner/workspace/tests/types/chord.test.ts:285:36)
      at Test.runInAsyncScope (node:async_hooks:214:14)
      at Test.run (node:internal/test_runner/test:1062:25)
      at Test.start (node:internal/test_runner/test:959:17)
      at node:internal/test_runner/test:1464:71
      at node:internal/per_context/primordials:483:82
      at new Promise (<anonymous>)
      at new SafePromise (node:internal/per_context/primordials:451:29)
      at node:internal/per_context/primordials:483:9
      at Array.map (<anonymous>)
      at arrayToSafePromiseIterable (node:internal/per_context/primordials:480:5)
      at node:internal/per_context/primordials:497:21
      at new Promise (<anonymous>)
      at node:internal/per_context/primordials:496:3
      at Suite.run (node:internal/test_runner/test:1464:23)
      at Suite.processPendingSubtests (node:internal/test_runner/test:752:7)

test at tests/types/chord.test.ts:289:28
[31mâœ– should accept all valid position values [90m(0.20098ms)[39m[39m
  TypeError: (0 , node_test_1.expect) is not a function
      at /home/runner/workspace/tests/types/chord.test.ts:297:40
      at Array.forEach (<anonymous>)
      at TestContext.<anonymous> (/home/runner/workspace/tests/types/chord.test.ts:291:23)
      at Test.runInAsyncScope (node:async_hooks:214:14)
      at Test.run (node:internal/test_runner/test:1062:25)
      at Suite.processPendingSubtests (node:internal/test_runner/test:752:18)
      at Test.postRun (node:internal/test_runner/test:1191:19)
      at Test.run (node:internal/test_runner/test:1119:12)
      at async Promise.all (index 0)
      at Suite.run (node:internal/test_runner/test:1466:7)
      at Suite.processPendingSubtests (node:internal/test_runner/test:752:7)
